// Jest Snapshot v1, https://goo.gl/fbAQLP

exports[`Snapshot - destination 1`] = `
Object {
  "Parameters": Object {
    "BootstrapVersion": Object {
      "Default": "/cdk-bootstrap/hnb659fds/version",
      "Description": "Version of the CDK Bootstrap resources in this environment, automatically retrieved from SSM Parameter Store. [cdk:skip]",
      "Type": "AWS::SSM::Parameter::Value<String>",
    },
  },
  "Resources": Object {
    "AWSb4cf1abd4e4f4bc699441af7ccd9ec371511E620": Object {
      "DependsOn": Array [
        "AWSb4cf1abd4e4f4bc699441af7ccd9ec37ServiceRoleDefaultPolicy4D43A7C1",
        "AWSb4cf1abd4e4f4bc699441af7ccd9ec37ServiceRole9FFE9C50",
      ],
      "Properties": Object {
        "Code": Object {
          "S3Bucket": Object {
            "Fn::Sub": "cdk-hnb659fds-assets-\${AWS::AccountId}-\${AWS::Region}",
          },
          "S3Key": "1de7291df4432bda23037e2ef9f4bc0651aab3c7ce9bf737ac7f2f8c32e99115.zip",
        },
        "Handler": "index.handler",
        "Role": Object {
          "Fn::GetAtt": Array [
            "AWSb4cf1abd4e4f4bc699441af7ccd9ec37ServiceRole9FFE9C50",
            "Arn",
          ],
        },
        "Runtime": "nodejs12.x",
      },
      "Type": "AWS::Lambda::Function",
    },
    "AWSb4cf1abd4e4f4bc699441af7ccd9ec37ServiceRole9FFE9C50": Object {
      "Properties": Object {
        "AssumeRolePolicyDocument": Object {
          "Statement": Array [
            Object {
              "Action": "sts:AssumeRole",
              "Effect": "Allow",
              "Principal": Object {
                "Service": "lambda.amazonaws.com",
              },
            },
          ],
          "Version": "2012-10-17",
        },
        "ManagedPolicyArns": Array [
          Object {
            "Fn::Join": Array [
              "",
              Array [
                "arn:",
                Object {
                  "Ref": "AWS::Partition",
                },
                ":iam::aws:policy/service-role/AWSLambdaBasicExecutionRole",
              ],
            ],
          },
        ],
      },
      "Type": "AWS::IAM::Role",
    },
    "AWSb4cf1abd4e4f4bc699441af7ccd9ec37ServiceRoleDefaultPolicy4D43A7C1": Object {
      "Properties": Object {
        "PolicyDocument": Object {
          "Statement": Array [
            Object {
              "Action": "ssm:*",
              "Effect": "Allow",
              "Resource": "*",
            },
          ],
          "Version": "2012-10-17",
        },
        "PolicyName": "AWSb4cf1abd4e4f4bc699441af7ccd9ec37ServiceRoleDefaultPolicy4D43A7C1",
        "Roles": Array [
          Object {
            "Ref": "AWSb4cf1abd4e4f4bc699441af7ccd9ec37ServiceRole9FFE9C50",
          },
        ],
      },
      "Type": "AWS::IAM::Policy",
    },
    "SSMDestinationLambda5A532199": Object {
      "DependsOn": Array [
        "SSMDestinationLambdaServiceRole087D0727",
      ],
      "Properties": Object {
        "Code": Object {
          "S3Bucket": Object {
            "Fn::Sub": "cdk-hnb659fds-assets-\${AWS::AccountId}-\${AWS::Region}",
          },
          "S3Key": "03f956e621becf0c3217af1c4e7080782b6018315efcaa0d95a016581577e148.zip",
        },
        "Environment": Object {
          "Variables": Object {
            "AWS_NODEJS_CONNECTION_REUSE_ENABLED": "1",
          },
        },
        "FunctionName": "deployer-h6060-001-get-current-version",
        "Handler": "index.handler",
        "Role": Object {
          "Fn::GetAtt": Array [
            "SSMDestinationLambdaServiceRole087D0727",
            "Arn",
          ],
        },
        "Runtime": "nodejs14.x",
      },
      "Type": "AWS::Lambda::Function",
    },
    "SSMDestinationLambdaServiceRole087D0727": Object {
      "Properties": Object {
        "AssumeRolePolicyDocument": Object {
          "Statement": Array [
            Object {
              "Action": "sts:AssumeRole",
              "Effect": "Allow",
              "Principal": Object {
                "Service": "lambda.amazonaws.com",
              },
            },
          ],
          "Version": "2012-10-17",
        },
        "ManagedPolicyArns": Array [
          Object {
            "Fn::Join": Array [
              "",
              Array [
                "arn:",
                Object {
                  "Ref": "AWS::Partition",
                },
                ":iam::aws:policy/service-role/AWSLambdaBasicExecutionRole",
              ],
            ],
          },
        ],
      },
      "Type": "AWS::IAM::Role",
    },
    "SSMDestinationRuleAllowEventRuleSSMDestinationRuleRuleTarget0Handler4ECC35A9427A9A1B": Object {
      "Properties": Object {
        "Action": "lambda:InvokeFunction",
        "FunctionName": Object {
          "Fn::GetAtt": Array [
            "AWSb4cf1abd4e4f4bc699441af7ccd9ec371511E620",
            "Arn",
          ],
        },
        "Principal": "events.amazonaws.com",
        "SourceArn": Object {
          "Fn::GetAtt": Array [
            "SSMDestinationRuleC25A5E14",
            "Arn",
          ],
        },
      },
      "Type": "AWS::Lambda::Permission",
    },
    "SSMDestinationRuleC25A5E14": Object {
      "Properties": Object {
        "EventPattern": Object {
          "detail": Object {
            "eventName": Array [
              "PutObject",
            ],
            "eventSource": Array [
              "s3.amazonaws.com",
            ],
            "requestParameters": Object {
              "bucketName": "someName",
              "key": "h6060-001.zip",
            },
          },
          "source": Array [
            "aws.s3",
          ],
        },
        "Name": "deployTrigger-h6060-001",
        "State": "ENABLED",
        "Targets": Array [
          Object {
            "Arn": Object {
              "Fn::GetAtt": Array [
                "AWSb4cf1abd4e4f4bc699441af7ccd9ec371511E620",
                "Arn",
              ],
            },
            "Id": "Target0",
            "Input": "{\\"service\\":\\"service\\",\\"action\\":\\"action\\",\\"parameters\\":{\\"destination\\":\\"h6060-001\\"},\\"catchErrorPattern\\":\\"catchErrorPattern\\",\\"apiVersion\\":\\"apiVersion\\"}",
          },
        ],
      },
      "Type": "AWS::Events::Rule",
    },
  },
  "Rules": Object {
    "CheckBootstrapVersion": Object {
      "Assertions": Array [
        Object {
          "Assert": Object {
            "Fn::Not": Array [
              Object {
                "Fn::Contains": Array [
                  Array [
                    "1",
                    "2",
                    "3",
                    "4",
                    "5",
                  ],
                  Object {
                    "Ref": "BootstrapVersion",
                  },
                ],
              },
            ],
          },
          "AssertDescription": "CDK bootstrap stack version 6 required. Please run 'cdk bootstrap' with a recent version of the CDK CLI.",
        },
      ],
    },
  },
}
`;
