// Jest Snapshot v1, https://goo.gl/fbAQLP

exports[`SSMDeployment Snapshot 1`] = `
Object {
  "Parameters": Object {
    "BootstrapVersion": Object {
      "Default": "/cdk-bootstrap/hnb659fds/version",
      "Description": "Version of the CDK Bootstrap resources in this environment, automatically retrieved from SSM Parameter Store. [cdk:skip]",
      "Type": "AWS::SSM::Parameter::Value<String>",
    },
  },
  "Resources": Object {
    "AWSb4cf1abd4e4f4bc699441af7ccd9ec371511E620": Object {
      "DependsOn": Array [
        "AWSb4cf1abd4e4f4bc699441af7ccd9ec37ServiceRoleDefaultPolicy4D43A7C1",
        "AWSb4cf1abd4e4f4bc699441af7ccd9ec37ServiceRole9FFE9C50",
      ],
      "Properties": Object {
        "Code": Object {
          "S3Bucket": Object {
            "Fn::Sub": "cdk-hnb659fds-assets-\${AWS::AccountId}-\${AWS::Region}",
          },
          "S3Key": "51cea70005434e28deb06e10b999a505b48f475c7a4762c082271c39c5a792d5.zip",
        },
        "Handler": "index.handler",
        "Role": Object {
          "Fn::GetAtt": Array [
            "AWSb4cf1abd4e4f4bc699441af7ccd9ec37ServiceRole9FFE9C50",
            "Arn",
          ],
        },
        "Runtime": "nodejs12.x",
      },
      "Type": "AWS::Lambda::Function",
    },
    "AWSb4cf1abd4e4f4bc699441af7ccd9ec37ServiceRole9FFE9C50": Object {
      "Properties": Object {
        "AssumeRolePolicyDocument": Object {
          "Statement": Array [
            Object {
              "Action": "sts:AssumeRole",
              "Effect": "Allow",
              "Principal": Object {
                "Service": "lambda.amazonaws.com",
              },
            },
          ],
          "Version": "2012-10-17",
        },
        "ManagedPolicyArns": Array [
          Object {
            "Fn::Join": Array [
              "",
              Array [
                "arn:",
                Object {
                  "Ref": "AWS::Partition",
                },
                ":iam::aws:policy/service-role/AWSLambdaBasicExecutionRole",
              ],
            ],
          },
        ],
      },
      "Type": "AWS::IAM::Role",
    },
    "AWSb4cf1abd4e4f4bc699441af7ccd9ec37ServiceRoleDefaultPolicy4D43A7C1": Object {
      "Properties": Object {
        "PolicyDocument": Object {
          "Statement": Array [
            Object {
              "Action": "ssm:*",
              "Effect": "Allow",
              "Resource": "*",
            },
          ],
          "Version": "2012-10-17",
        },
        "PolicyName": "AWSb4cf1abd4e4f4bc699441af7ccd9ec37ServiceRoleDefaultPolicy4D43A7C1",
        "Roles": Array [
          Object {
            "Ref": "AWSb4cf1abd4e4f4bc699441af7ccd9ec37ServiceRole9FFE9C50",
          },
        ],
      },
      "Type": "AWS::IAM::Policy",
    },
    "SSMDeploymentRule2C3EC80D": Object {
      "Properties": Object {
        "EventPattern": Object {
          "detail": Object {
            "eventName": Array [
              "PutObject",
            ],
            "eventSource": Array [
              "s3.amazonaws.com",
            ],
            "requestParameters": Object {
              "bucketName": "someName",
              "key": "h6060-001.zip",
            },
          },
          "source": Array [
            "aws.s3",
          ],
        },
        "Name": "deployTrigger-h6060-001",
        "State": "ENABLED",
        "Targets": Array [
          Object {
            "Arn": Object {
              "Fn::GetAtt": Array [
                "AWSb4cf1abd4e4f4bc699441af7ccd9ec371511E620",
                "Arn",
              ],
            },
            "Id": "Target0",
            "Input": "{\\"service\\":\\"service\\",\\"action\\":\\"action\\",\\"parameters\\":{\\"destination\\":\\"h6060-001\\"},\\"catchErrorPattern\\":\\"catchErrorPattern\\",\\"apiVersion\\":\\"apiVersion\\"}",
          },
        ],
      },
      "Type": "AWS::Events::Rule",
    },
    "SSMDeploymentRuleAllowEventRuleSSMDeploymentRuleRuleTarget0HandlerAC0F46BD52D63CFF": Object {
      "Properties": Object {
        "Action": "lambda:InvokeFunction",
        "FunctionName": Object {
          "Fn::GetAtt": Array [
            "AWSb4cf1abd4e4f4bc699441af7ccd9ec371511E620",
            "Arn",
          ],
        },
        "Principal": "events.amazonaws.com",
        "SourceArn": Object {
          "Fn::GetAtt": Array [
            "SSMDeploymentRule2C3EC80D",
            "Arn",
          ],
        },
      },
      "Type": "AWS::Lambda::Permission",
    },
  },
  "Rules": Object {
    "CheckBootstrapVersion": Object {
      "Assertions": Array [
        Object {
          "Assert": Object {
            "Fn::Not": Array [
              Object {
                "Fn::Contains": Array [
                  Array [
                    "1",
                    "2",
                    "3",
                    "4",
                    "5",
                  ],
                  Object {
                    "Ref": "BootstrapVersion",
                  },
                ],
              },
            ],
          },
          "AssertDescription": "CDK bootstrap stack version 6 required. Please run 'cdk bootstrap' with a recent version of the CDK CLI.",
        },
      ],
    },
  },
}
`;
